
> drissman-frontend@0.1.0 build
> next build

Ôû▓ Next.js 16.1.3 (Turbopack)
- Environments: .env.local

  Creating an optimized production build ...
node.exe : 
Au caractère 
C:\Program Files\nodejs
\npm.ps1:29 : 3
+   & $NODE_EXE 
$NPM_CLI_JS $args
+   ~~~~~~~~~~~~~~~~~~~
~~~~~~~~~~
    + CategoryInfo     
         : NotSpecifi  
  ed: (:String) [],    
 RemoteException
    + FullyQualifiedEr 
   rorId : NativeComm  
  andError
 
> Build error occurred
Error: Turbopack build 
failed with 4 errors:
./src/app/(candidat)
You cannot have two 
parallel pages that 
resolve to the same 
path. Please check 
/(admin) and 
/(candidat).

./src/app/(monitor)
You cannot have two 
parallel pages that 
resolve to the same 
path. Please check 
/(admin)/sessions and 
/(monitor).

./src/app/(monitor)
You cannot have two 
parallel pages that 
resolve to the same 
path. Please check 
/(candidat) and 
/(monitor).

./src/app/(public)
You cannot have two 
parallel pages that 
resolve to the same 
path. Please check 
/(monitor) and 
/(public).

    at ignore-listed 
frames
