
> frontend@0.1.0 build
> next build

Ôû▓ Next.js 16.1.3 (Turbopack)
- Environments: .env.local

  Creating an optimized production build ...
node.exe : Turbopack 
build encountered 7 
warnings:
Au caractère 
C:\Program Files\node
js\npm.ps1:29 : 3
+   & $NODE_EXE 
$NPM_CLI_JS $args
+   ~~~~~~~~~~~~~~~~~
~~~~~~~~~~~~
    + CategoryInfo   
           : NotSpe  
  cified: (Turbopa   
 ck build encount    
ered 7 warnings:    
:String) [], Rem    
oteException
    + FullyQualified 
   ErrorId : Native  
  CommandError
 
[next]/internal/font/
google/1bffadaabf893a
1e-s.woff2
Error while 
requesting resource
There was an issue 
establishing a 
connection while 
requesting https://fo
nts.gstatic.com/s/int
er/v20/UcC73FwrK3iLTe
HuS_nVMrMxCp50SjIa25L
7W0Q5n-wU.woff2


[next]/internal/font/
google/2bbe8d2671613f
1f-s.woff2
Error while 
requesting resource
There was an issue 
establishing a 
connection while 
requesting https://fo
nts.gstatic.com/s/int
er/v20/UcC73FwrK3iLTe
HuS_nVMrMxCp50SjIa2pL
7W0Q5n-wU.woff2


[next]/internal/font/
google/2c55a0e6012057
7a-s.woff2
Error while 
requesting resource
There was an issue 
establishing a 
connection while 
requesting https://fo
nts.gstatic.com/s/int
er/v20/UcC73FwrK3iLTe
HuS_nVMrMxCp50SjIa2JL
7W0Q5n-wU.woff2


[next]/internal/font/
google/5476f68d604609
30-s.woff2
Error while 
requesting resource
There was an issue 
establishing a 
connection while 
requesting https://fo
nts.gstatic.com/s/int
er/v20/UcC73FwrK3iLTe
HuS_nVMrMxCp50SjIa1pL
7W0Q5n-wU.woff2


[next]/internal/font/
google/83afe278b6a6bb
3c-s.p.woff2
Error while 
requesting resource
There was an issue 
establishing a 
connection while 
requesting https://fo
nts.gstatic.com/s/int
er/v20/UcC73FwrK3iLTe
HuS_nVMrMxCp50SjIa1ZL
7W0Q5nw.woff2


[next]/internal/font/
google/9c72aa0f40e4ee
f8-s.woff2
Error while 
requesting resource
There was an issue 
establishing a 
connection while 
requesting https://fo
nts.gstatic.com/s/int
er/v20/UcC73FwrK3iLTe
HuS_nVMrMxCp50SjIa0ZL
7W0Q5n-wU.woff2


[next]/internal/font/
google/ad66f9afd8947f
86-s.woff2
Error while 
requesting resource
There was an issue 
establishing a 
connection while 
requesting https://fo
nts.gstatic.com/s/int
er/v20/UcC73FwrK3iLTe
HuS_nVMrMxCp50SjIa2ZL
7W0Q5n-wU.woff2



> Build error 
occurred
Error: Turbopack 
build failed with 7 
errors:
[next]/internal/font/
google/inter_5901b7c6
.module.css:8:9
Module not found: 
Can't resolve '@verce
l/turbopack-next/inte
rnal/font/google/font
'
[0m [90m  6 |[39m 
  font[33m-[39mdisp
lay[33m:[39m 
swap[33m;[39m
 [90m  7 |[39m   
src[33m:[39m url([
33m@[39mvercel[33m/
[39mturbopack[33m-
[39mnext[33m/[39min
ternal[33m/[39mfont
[33m/[39mgoogle[35
m/font?{%22url%22:%22
https:/[39m[33m/[3
9mfonts[33m.[39mgst
atic[33m.[39mcom[3
3m/[39ms[33m/[39mi
nter[33m/[39mv20[3
3m/[39m[33mUcC73Fwr
K3iLTeHuS_nVMrMxCp50S
jIa2JL7W0Q5n[39m[33
m-[39mwU[33m.[39mw
off2[33m%[39m[35m2
2[39m[33m,[39m[33
m%[39m[35m22[39mpr
eload[33m%[39m[35m
22[39m[33m:[39m[3
6mfalse[39m[33m,[3
9m[33m%[39m[35m22
[39mhas_size_adjust[
33m%[39m[35m22[39m
[33m:[39m[36mtrue
[39m}) format([32m'w
off2'[39m)[33m;[39
m
[31m[1m>[22m[39m
[90m  8 |[39m   unic
ode[33m-[39mrange[
33m:[39m [33mU[39m
[33m+[39m[35m0460
[39m[33m-[39m[35m0
52[39m[33mF[39m[3
3m,[39m [33mU[39m
[33m+[39m[35m1[39m
[33mC80[39m[33m-[
39m[35m1[39m[33mC8
A[39m[33m,[39m [3
3mU[39m[33m+[39m[
35m20[39m[33mB4[39
m[33m,[39m [33mU[
39m[33m+[39m[35m2
[39m[33mDE0[39m[33
m-[39m[35m2[39m[3
3mDFF[39m[33m,[39m
 [33mU[39m[33m+[3
9m[33mA640[39m[33m
-[39m[33mA69F[39m
[33m,[39m [33mU[39
m[33m+[39m[33mFE2E
[39m[33m-[39m[33m
FE2F[39m[33m;[39m
 [90m    |[39m     
    
[31m[1m^[22m[39m
 [90m  9 |[39m }
 [90m 10 |[39m 
[90m/* cyrillic 
*/[39m
 [90m 11 |[39m [33
m@[39mfont[33m-[39
mface {[0m

Import map: Resolved 
by import map


Import trace:
  Server Component:
    [next]/internal/f
ont/google/inter_5901
b7c6.module.css
    [next]/internal/f
ont/google/inter_5901
b7c6.js
    
./src/app/layout.tsx

https://nextjs.org/do
cs/messages/module-no
t-found


[next]/internal/font/
google/inter_5901b7c6
.module.css:17:9
Module not found: 
Can't resolve '@verce
l/turbopack-next/inte
rnal/font/google/font
'
[0m [90m 15 |[39m 
  font[33m-[39mdisp
lay[33m:[39m 
swap[33m;[39m
 [90m 16 |[39m   
src[33m:[39m url([
33m@[39mvercel[33m/
[39mturbopack[33m-
[39mnext[33m/[39min
ternal[33m/[39mfont
[33m/[39mgoogle[35
m/font?{%22url%22:%22
https:/[39m[33m/[3
9mfonts[33m.[39mgst
atic[33m.[39mcom[3
3m/[39ms[33m/[39mi
nter[33m/[39mv20[3
3m/[39m[33mUcC73Fwr
K3iLTeHuS_nVMrMxCp50S
jIa0ZL7W0Q5n[39m[33
m-[39mwU[33m.[39mw
off2[33m%[39m[35m2
2[39m[33m,[39m[33
m%[39m[35m22[39mpr
eload[33m%[39m[35m
22[39m[33m:[39m[3
6mfalse[39m[33m,[3
9m[33m%[39m[35m22
[39mhas_size_adjust[
33m%[39m[35m22[39m
[33m:[39m[36mtrue
[39m}) format([32m'w
off2'[39m)[33m;[39
m
[31m[1m>[22m[39m
[90m 17 |[39m   unic
ode[33m-[39mrange[
33m:[39m [33mU[39m
[33m+[39m[35m0301
[39m[33m,[39m [33m
U[39m[33m+[39m[35
m0400[39m[33m-[39m
[35m045[39m[33mF[
39m[33m,[39m [33mU
[39m[33m+[39m[35m
0490[39m[33m-[39m
[35m0491[39m[33m,[
39m [33mU[39m[33m+
[39m[35m04[39m[33
mB0[39m[33m-[39m[
35m04[39m[33mB1[39
m[33m,[39m [33mU[
39m[33m+[39m[35m21
16[39m[33m;[39m
 [90m    |[39m     
    
[31m[1m^[22m[39m
 [90m 18 |[39m }
 [90m 19 |[39m 
[90m/* greek-ext 
*/[39m
 [90m 20 |[39m [33
m@[39mfont[33m-[39
mface {[0m

Import map: Resolved 
by import map


Import trace:
  Server Component:
    [next]/internal/f
ont/google/inter_5901
b7c6.module.css
    [next]/internal/f
ont/google/inter_5901
b7c6.js
    
./src/app/layout.tsx

https://nextjs.org/do
cs/messages/module-no
t-found


[next]/internal/font/
google/inter_5901b7c6
.module.css:26:9
Module not found: 
Can't resolve '@verce
l/turbopack-next/inte
rnal/font/google/font
'
[0m [90m 24 |[39m 
  font[33m-[39mdisp
lay[33m:[39m 
swap[33m;[39m
 [90m 25 |[39m   
src[33m:[39m url([
33m@[39mvercel[33m/
[39mturbopack[33m-
[39mnext[33m/[39min
ternal[33m/[39mfont
[33m/[39mgoogle[35
m/font?{%22url%22:%22
https:/[39m[33m/[3
9mfonts[33m.[39mgst
atic[33m.[39mcom[3
3m/[39ms[33m/[39mi
nter[33m/[39mv20[3
3m/[39m[33mUcC73Fwr
K3iLTeHuS_nVMrMxCp50S
jIa2ZL7W0Q5n[39m[33
m-[39mwU[33m.[39mw
off2[33m%[39m[35m2
2[39m[33m,[39m[33
m%[39m[35m22[39mpr
eload[33m%[39m[35m
22[39m[33m:[39m[3
6mfalse[39m[33m,[3
9m[33m%[39m[35m22
[39mhas_size_adjust[
33m%[39m[35m22[39m
[33m:[39m[36mtrue
[39m}) format([32m'w
off2'[39m)[33m;[39
m
[31m[1m>[22m[39m
[90m 26 |[39m   unic
ode[33m-[39mrange[
33m:[39m [33mU[39m
[33m+[39m[35m1[39
m[33mF00[39m[33m-
[39m[35m1[39m[33mF
FF[39m[33m;[39m
 [90m    |[39m     
    
[31m[1m^[22m[39m
 [90m 27 |[39m }
 [90m 28 |[39m 
[90m/* greek */[39m
 [90m 29 |[39m [33
m@[39mfont[33m-[39
mface {[0m

Import map: Resolved 
by import map


Import trace:
  Server Component:
    [next]/internal/f
ont/google/inter_5901
b7c6.module.css
    [next]/internal/f
ont/google/inter_5901
b7c6.js
    
./src/app/layout.tsx

https://nextjs.org/do
cs/messages/module-no
t-found


[next]/internal/font/
google/inter_5901b7c6
.module.css:35:9
Module not found: 
Can't resolve '@verce
l/turbopack-next/inte
rnal/font/google/font
'
[0m [90m 33 |[39m 
  font[33m-[39mdisp
lay[33m:[39m 
swap[33m;[39m
 [90m 34 |[39m   
src[33m:[39m url([
33m@[39mvercel[33m/
[39mturbopack[33m-
[39mnext[33m/[39min
ternal[33m/[39mfont
[33m/[39mgoogle[35
m/font?{%22url%22:%22
https:/[39m[33m/[3
9mfonts[33m.[39mgst
atic[33m.[39mcom[3
3m/[39ms[33m/[39mi
nter[33m/[39mv20[3
3m/[39m[33mUcC73Fwr
K3iLTeHuS_nVMrMxCp50S
jIa1pL7W0Q5n[39m[33
m-[39mwU[33m.[39mw
off2[33m%[39m[35m2
2[39m[33m,[39m[33
m%[39m[35m22[39mpr
eload[33m%[39m[35m
22[39m[33m:[39m[3
6mfalse[39m[33m,[3
9m[33m%[39m[35m22
[39mhas_size_adjust[
33m%[39m[35m22[39m
[33m:[39m[36mtrue
[39m}) format([32m'w
off2'[39m)[33m;[39
m
[31m[1m>[22m[39m
[90m 35 |[39m   unic
ode[33m-[39mrange[
33m:[39m [33mU[39m
[33m+[39m[35m0370
[39m[33m-[39m[35m0
377[39m[33m,[39m 
[33mU[39m[33m+[39m
[35m037[39m[33mA[
39m[33m-[39m[35m03
7[39m[33mF[39m[33
m,[39m [33mU[39m[
33m+[39m[35m0384[3
9m[33m-[39m[35m038
[39m[33mA[39m[33m
,[39m [33mU[39m[3
3m+[39m[35m038[39m
[33mC[39m[33m,[39
m [33mU[39m[33m+[
39m[35m038E-03[39m
[33mA1[39m[33m,[39
m [33mU[39m[33m+[
39m[35m03[39m[33mA
3[39m[33m-[39m[35
m03[39m[33mFF[39m
[33m;[39m
 [90m    |[39m     
    
[31m[1m^[22m[39m
 [90m 36 |[39m }
 [90m 37 |[39m 
[90m/* vietnamese 
*/[39m
 [90m 38 |[39m [33
m@[39mfont[33m-[39
mface {[0m

Import map: Resolved 
by import map


Import trace:
  Server Component:
    [next]/internal/f
ont/google/inter_5901
b7c6.module.css
    [next]/internal/f
ont/google/inter_5901
b7c6.js
    
./src/app/layout.tsx

https://nextjs.org/do
cs/messages/module-no
t-found


[next]/internal/font/
google/inter_5901b7c6
.module.css:44:9
Module not found: 
Can't resolve '@verce
l/turbopack-next/inte
rnal/font/google/font
'
[0m [90m 42 |[39m 
  font[33m-[39mdisp
lay[33m:[39m 
swap[33m;[39m
 [90m 43 |[39m   
src[33m:[39m url([
33m@[39mvercel[33m/
[39mturbopack[33m-
[39mnext[33m/[39min
ternal[33m/[39mfont
[33m/[39mgoogle[35
m/font?{%22url%22:%22
https:/[39m[33m/[3
9mfonts[33m.[39mgst
atic[33m.[39mcom[3
3m/[39ms[33m/[39mi
nter[33m/[39mv20[3
3m/[39m[33mUcC73Fwr
K3iLTeHuS_nVMrMxCp50S
jIa2pL7W0Q5n[39m[33
m-[39mwU[33m.[39mw
off2[33m%[39m[35m2
2[39m[33m,[39m[33
m%[39m[35m22[39mpr
eload[33m%[39m[35m
22[39m[33m:[39m[3
6mfalse[39m[33m,[3
9m[33m%[39m[35m22
[39mhas_size_adjust[
33m%[39m[35m22[39m
[33m:[39m[36mtrue
[39m}) format([32m'w
off2'[39m)[33m;[39
m
[31m[1m>[22m[39m
[90m 44 |[39m   unic
ode[33m-[39mrange[
33m:[39m [33mU[39m
[33m+[39m[35m0102
[39m[33m-[39m[35m0
103[39m[33m,[39m 
[33mU[39m[33m+[39m
[35m0110[39m[33m-
[39m[35m0111[39m[3
3m,[39m [33mU[39m
[33m+[39m[35m0128[
39m[33m-[39m[35m01
29[39m[33m,[39m [
33mU[39m[33m+[39m
[35m0168[39m[33m-[
39m[35m0169[39m[33
m,[39m [33mU[39m[
33m+[39m[35m01[39m
[33mA0[39m[33m-[3
9m[35m01[39m[33mA1
[39m[33m,[39m [33
mU[39m[33m+[39m[3
5m01[39m[33mAF[39m
[33m-[39m[35m01[3
9m[33mB0[39m[33m,
[39m [33mU[39m[33m
+[39m[35m0300[39m
[33m-[39m[35m0301[
39m[33m,[39m [33mU
[39m[33m+[39m[35m
0303[39m[33m-[39m
[35m0304[39m[33m,[
39m [33mU[39m[33m+
[39m[35m0308[39m[
33m-[39m[35m0309[3
9m[33m,[39m [33mU
[39m[33m+[39m[35m0
323[39m[33m,[39m 
[33mU[39m[33m+[39m
[35m0329[39m[33m,
[39m [33mU[39m[33m
+[39m[35m1[39m[33
mEA0[39m[33m-[39m
[35m1[39m[33mEF9[3
9m[33m,[39m [33mU
[39m[33m+[39m[35m2
0[39m[33mAB[39m[3
3m;[39m
 [90m    |[39m     
    
[31m[1m^[22m[39m
 [90m 45 |[39m }
 [90m 46 |[39m 
[90m/* latin-ext 
*/[39m
 [90m 47 |[39m [33
m@[39mfont[33m-[39
mface {[0m

Import map: Resolved 
by import map


Import trace:
  Server Component:
    [next]/internal/f
ont/google/inter_5901
b7c6.module.css
    [next]/internal/f
ont/google/inter_5901
b7c6.js
    
./src/app/layout.tsx

https://nextjs.org/do
cs/messages/module-no
t-found


[next]/internal/font/
google/inter_5901b7c6
.module.css:53:9
Module not found: 
Can't resolve '@verce
l/turbopack-next/inte
rnal/font/google/font
'
[0m [90m 51 |[39m 
  font[33m-[39mdisp
lay[33m:[39m 
swap[33m;[39m
 [90m 52 |[39m   
src[33m:[39m url([
33m@[39mvercel[33m/
[39mturbopack[33m-
[39mnext[33m/[39min
ternal[33m/[39mfont
[33m/[39mgoogle[35
m/font?{%22url%22:%22
https:/[39m[33m/[3
9mfonts[33m.[39mgst
atic[33m.[39mcom[3
3m/[39ms[33m/[39mi
nter[33m/[39mv20[3
3m/[39m[33mUcC73Fwr
K3iLTeHuS_nVMrMxCp50S
jIa25L7W0Q5n[39m[33
m-[39mwU[33m.[39mw
off2[33m%[39m[35m2
2[39m[33m,[39m[33
m%[39m[35m22[39mpr
eload[33m%[39m[35m
22[39m[33m:[39m[3
6mfalse[39m[33m,[3
9m[33m%[39m[35m22
[39mhas_size_adjust[
33m%[39m[35m22[39m
[33m:[39m[36mtrue
[39m}) format([32m'w
off2'[39m)[33m;[39
m
[31m[1m>[22m[39m
[90m 53 |[39m   unic
ode[33m-[39mrange[
33m:[39m [33mU[39m
[33m+[39m[35m0100
[39m[33m-[39m[35m0
2[39m[33mBA[39m[3
3m,[39m [33mU[39m
[33m+[39m[35m02[39
m[33mBD[39m[33m-[
39m[35m02[39m[33mC
5[39m[33m,[39m [3
3mU[39m[33m+[39m[
35m02[39m[33mC7[39
m[33m-[39m[35m02[
39m[33mCC[39m[33m,
[39m [33mU[39m[33
m+[39m[35m02[39m[
33mCE[39m[33m-[39m
[35m02[39m[33mD7[
39m[33m,[39m [33mU
[39m[33m+[39m[35m
02[39m[33mDD[39m[
33m-[39m[35m02[39m
[33mFF[39m[33m,[3
9m [33mU[39m[33m+
[39m[35m0304[39m[3
3m,[39m [33mU[39m
[33m+[39m[35m0308[
39m[33m,[39m [33mU
[39m[33m+[39m[35m
0329[39m[33m,[39m 
[33mU[39m[33m+[39
m[35m1[39m[33mD00
[39m[33m-[39m[35m1
[39m[33mDBF[39m[3
3m,[39m [33mU[39m
[33m+[39m[35m1E00[
39m[33m-[39m[35m1E
9[39m[33mF[39m[33
m,[39m [33mU[39m[
33m+[39m[35m1[39m
[33mEF2[39m[33m-[3
9m[35m1[39m[33mEFF
[39m[33m,[39m [33
mU[39m[33m+[39m[3
5m2020[39m[33m,[39
m [33mU[39m[33m+[
39m[35m20[39m[33mA
0[39m[33m-[39m[35
m20[39m[33mAB[39m
[33m,[39m [33mU[39
m[33m+[39m[35m20[
39m[33mAD[39m[33m-
[39m[35m20[39m[33
mC0[39m[33m,[39m 
[33mU[39m[33m+[39m
[35m2113[39m[33m,
[39m [33mU[39m[33m
+[39m[35m2[39m[33
mC60[39m[33m-[39m
[35m2[39m[33mC7F[3
9m[33m,[39m [33mU
[39m[33m+[39m[33mA
720[39m[33m-[39m[
33mA7FF[39m[33m;[3
9m
 [90m    |[39m     
    
[31m[1m^[22m[39m
 [90m 54 |[39m }
 [90m 55 |[39m 
[90m/* latin */[39m
 [90m 56 |[39m [33
m@[39mfont[33m-[39
mface {[0m

Import map: Resolved 
by import map


Import trace:
  Server Component:
    [next]/internal/f
ont/google/inter_5901
b7c6.module.css
    [next]/internal/f
ont/google/inter_5901
b7c6.js
    
./src/app/layout.tsx

https://nextjs.org/do
cs/messages/module-no
t-found


[next]/internal/font/
google/inter_5901b7c6
.module.css:62:9
Module not found: 
Can't resolve '@verce
l/turbopack-next/inte
rnal/font/google/font
'
[0m [90m 60 |[39m 
  font[33m-[39mdisp
lay[33m:[39m 
swap[33m;[39m
 [90m 61 |[39m   
src[33m:[39m url([
33m@[39mvercel[33m/
[39mturbopack[33m-
[39mnext[33m/[39min
ternal[33m/[39mfont
[33m/[39mgoogle[35
m/font?{%22url%22:%22
https:/[39m[33m/[3
9mfonts[33m.[39mgst
atic[33m.[39mcom[3
3m/[39ms[33m/[39mi
nter[33m/[39mv20[3
3m/[39m[33mUcC73Fwr
K3iLTeHuS_nVMrMxCp50S
jIa1ZL7W0Q5nw[39m[3
3m.[39mwoff2[33m%[
39m[35m22[39m[33m,
[39m[33m%[39m[35m
22[39mpreload[33m%
[39m[35m22[39m[33m
:[39m[36mtrue[39m
[33m,[39m[33m%[39m
[35m22[39mhas_size_
adjust[33m%[39m[35
m22[39m[33m:[39m[
36mtrue[39m}) format
([32m'woff2'[39m)[
33m;[39m
[31m[1m>[22m[39m
[90m 62 |[39m   unic
ode[33m-[39mrange[
33m:[39m [33mU[39m
[33m+[39m[35m0000
[39m[33m-[39m[35m0
0[39m[33mFF[39m[3
3m,[39m [33mU[39m
[33m+[39m[35m0131[
39m[33m,[39m [33mU
[39m[33m+[39m[35m
0152[39m[33m-[39m
[35m0153[39m[33m,[
39m [33mU[39m[33m+
[39m[35m02[39m[33
mBB[39m[33m-[39m[
35m02[39m[33mBC[39
m[33m,[39m [33mU[
39m[33m+[39m[35m02
[39m[33mC6[39m[33
m,[39m [33mU[39m[
33m+[39m[35m02[39m
[33mDA[39m[33m,[3
9m [33mU[39m[33m+
[39m[35m02[39m[33m
DC[39m[33m,[39m [
33mU[39m[33m+[39m
[35m0304[39m[33m,[
39m [33mU[39m[33m+
[39m[35m0308[39m[
33m,[39m [33mU[39m
[33m+[39m[35m0329
[39m[33m,[39m [33m
U[39m[33m+[39m[35
m2000[39m[33m-[39m
[35m206[39m[33mF[
39m[33m,[39m [33mU
[39m[33m+[39m[35m
20[39m[33mAC[39m[
33m,[39m [33mU[39m
[33m+[39m[35m2122
[39m[33m,[39m [33m
U[39m[33m+[39m[35
m2191[39m[33m,[39m
 [33mU[39m[33m+[3
9m[35m2193[39m[33m
,[39m [33mU[39m[3
3m+[39m[35m2212[39
m[33m,[39m [33mU[
39m[33m+[39m[35m22
15[39m[33m,[39m [
33mU[39m[33m+[39m
[33mFEFF[39m[33m,[
39m [33mU[39m[33m+
[39m[33mFFFD[39m[
33m;[39m
 [90m    |[39m     
    
[31m[1m^[22m[39m
 [90m 63 |[39m }
 [90m 64 |[39m [33
m@[39mfont[33m-[39
mface {
 [90m 65 |[39m     
font[33m-[39mfamily
[33m:[39m 
[32m'Inter Fallback'
[39m[33m;[39m[0m

Import map: Resolved 
by import map


Import trace:
  Server Component:
    [next]/internal/f
ont/google/inter_5901
b7c6.module.css
    [next]/internal/f
ont/google/inter_5901
b7c6.js
    
./src/app/layout.tsx

https://nextjs.org/do
cs/messages/module-no
t-found


    at <unknown> ([ne
xt]/internal/font/goo
gle/inter_5901b7c6.mo
dule.css:8:9)
    at <unknown> (htt
ps://nextjs.org/docs/
messages/module-not-f
ound)
    at <unknown> ([ne
xt]/internal/font/goo
gle/inter_5901b7c6.mo
dule.css:17:9)
    at <unknown> (htt
ps://nextjs.org/docs/
messages/module-not-f
ound)
    at <unknown> ([ne
xt]/internal/font/goo
gle/inter_5901b7c6.mo
dule.css:26:9)
    at <unknown> (htt
ps://nextjs.org/docs/
messages/module-not-f
ound)
    at <unknown> ([ne
xt]/internal/font/goo
gle/inter_5901b7c6.mo
dule.css:35:9)
    at <unknown> (htt
ps://nextjs.org/docs/
messages/module-not-f
ound)
    at <unknown> ([ne
xt]/internal/font/goo
gle/inter_5901b7c6.mo
dule.css:44:9)
    at <unknown> (htt
ps://nextjs.org/docs/
messages/module-not-f
ound)
    at <unknown> ([ne
xt]/internal/font/goo
gle/inter_5901b7c6.mo
dule.css:53:9)
    at <unknown> (htt
ps://nextjs.org/docs/
messages/module-not-f
ound)
    at <unknown> ([ne
xt]/internal/font/goo
gle/inter_5901b7c6.mo
dule.css:62:9)
    at <unknown> (htt
ps://nextjs.org/docs/
messages/module-not-f
ound)
